// Jest Snapshot v1, https://goo.gl/fbAQLP

exports[`Testing al cliente Es Garber Batista 1`] = `
{
  "balance": 500,
  "nombre": "Ashaly Batista",
  "tipo": "Premium",
}
`;
